
     Program PWSCF v.7.5 starts on 21May2026 at 15:26: 3 

     This program is part of the open-source Quantum ESPRESSO suite
     for quantum simulation of materials; please cite
         "P. Giannozzi et al., J. Phys.:Condens. Matter 21 395502 (2009);
         "P. Giannozzi et al., J. Phys.:Condens. Matter 29 465901 (2017);
         "P. Giannozzi et al., J. Chem. Phys. 152 154105 (2020);
          URL http://www.quantum-espresso.org", 
     in publications or presentations arising from this work. More details at
     http://www.quantum-espresso.org/quote

     Parallel version (MPI), running on    24 processors

     MPI processes distributed on     1 nodes
     437594 MiB available memory on the printing compute node when the environment starts
 
     Reading input from scf_twochem.in

     Current dimensions of program PWSCF are:
     Max number of different atomic species (ntypx) = 10
     Max number of k-points (npk) =  40000
     Max angular momentum in pseudopotentials (lmaxx) =  4

     Exact exchange band parallelism type set to band_pairs

 
     K-points division:     npool     =       4
     R & G space division:  proc/nbgrp/npool/nimage =       6
     Subspace diagonalization in iterative solution of the eigenvalue problem:
     a serial algorithm will be used

 
     Parallelization info
     --------------------
     sticks:   dense  smooth     PW     G-vecs:    dense   smooth      PW
     Min          72      72     23                  992      992     177
     Max          73      73     24                  995      995     179
     Sum         433     433    139                 5961     5961    1067
 
     Using Slab Decomposition
 


     bravais-lattice index     =            2
     lattice parameter (alat)  =      10.1861  a.u.
     unit-cell volume          =     264.2157 (a.u.)^3
     number of atoms/cell      =            2
     number of atomic types    =            1
     number of electrons       =         8.00
     number of Kohn-Sham states=            8
     kinetic-energy cutoff     =      30.0000  Ry
     charge density cutoff     =     120.0000  Ry
     scf convergence threshold =      1.0E-06
     mixing beta               =       0.7000
     number of iterations used =            8  plain     mixing
     Exchange-correlation= SLA  PZ   NOGX NOGC
                           (   1   1   0   0   0   0   0)

     celldm(1)=  10.186060  celldm(2)=   0.000000  celldm(3)=   0.000000
     celldm(4)=   0.000000  celldm(5)=   0.000000  celldm(6)=   0.000000

     crystal axes: (cart. coord. in units of alat)
               a(1) = (  -0.500000   0.000000   0.500000 )  
               a(2) = (   0.000000   0.500000   0.500000 )  
               a(3) = (  -0.500000   0.500000   0.000000 )  

     reciprocal axes: (cart. coord. in units 2 pi/alat)
               b(1) = ( -1.000000 -1.000000  1.000000 )  
               b(2) = (  1.000000  1.000000  1.000000 )  
               b(3) = ( -1.000000  1.000000 -1.000000 )  


     PseudoPot. # 1 for Si read from file:
     ../Pseudo/Si.pz-vbc.UPF
     MD5 check sum: 9f25e6ff280f3123e9b3a84715b2e9c9
     Pseudo is Norm-conserving, Zval =  4.0
     Generated by new atomic code, or converted to UPF format
     Using radial grid of  431 points,  2 beta functions with: 
                l(1) =   0
                l(2) =   1

     atomic species   valence    mass     pseudopotential
     Si                4.00    28.08600     Si( 1.00)

     48 Sym. Ops., with inversion, found (24 have fractional translation)



   Cartesian axes

     site n.     atom                  positions (alat units)
         1        Si     tau(   1) = (   0.0000000   0.0000000   0.0000000  )
         2        Si     tau(   2) = (   0.2500000   0.2500000   0.2500000  )

     number of k points=    10  Gaussian smearing, width (Ry)=  0.0100
                       cart. coord. in units 2pi/alat
        k(    1) = (  -0.1250000   0.1250000   0.1250000), wk =   0.0625000
        k(    2) = (  -0.3750000   0.3750000  -0.1250000), wk =   0.1875000
        k(    3) = (   0.3750000  -0.3750000   0.6250000), wk =   0.1875000
        k(    4) = (   0.1250000  -0.1250000   0.3750000), wk =   0.1875000
        k(    5) = (  -0.1250000   0.6250000   0.1250000), wk =   0.1875000
        k(    6) = (   0.6250000  -0.1250000   0.8750000), wk =   0.3750000
        k(    7) = (   0.3750000   0.1250000   0.6250000), wk =   0.3750000
        k(    8) = (  -0.1250000  -0.8750000   0.1250000), wk =   0.1875000
        k(    9) = (  -0.3750000   0.3750000   0.3750000), wk =   0.0625000
        k(   10) = (   0.3750000  -0.3750000   1.1250000), wk =   0.1875000

     Dense  grid:     5961 G-vectors     FFT dimensions: (  32,  32,  32)

     Estimated max dynamical RAM per process >       1.06 MB

     Estimated total dynamical RAM >      21.01 MB
 ---------------------------------2CHEM----------------------------------
  You are performing a constrained density-functional perturbation theory
  employing two chemical potentials, one for electrons and one for holes.
  Please refer to: 
  Giovanni Marini, Matteo Calandra 
  Lattice dynamics of photoexcited insulators
  constrained density-functional perturbation theory
  Phys. Rev. B 104, 144103 (2021)
  doi:10.1103/PhysRevB.104.144103
 
     The conduction manifold is constituted by  4 bands
      0.1000 electrons are placed in the conduction manifold
 ---------------------------------2CHEM----------------------------------

     Initial potential from superposition of free atoms

     starting charge       7.9990, renormalised to       8.0000
     Starting wfcs are    8 randomized atomic wfcs

     total cpu time spent up to now is        0.1 secs

     Self-consistent Calculation

     iteration #  1     ecut=    30.00 Ry     beta= 0.70
     Davidson diagonalization with overlap
     ethr =  1.00E-02,  avg # of iterations =  4.5

     Threshold (ethr) on eigenvalues was too large:
     Diagonalizing with lowered threshold

     Davidson diagonalization with overlap
     ethr =  6.31E-04,  avg # of iterations =  1.6

     total cpu time spent up to now is        0.1 secs

     total energy              =     -15.84118814 Ry
     estimated scf accuracy    <       0.05457847 Ry

     iteration #  2     ecut=    30.00 Ry     beta= 0.70
     Davidson diagonalization with overlap
     ethr =  6.82E-04,  avg # of iterations =  1.0

     total cpu time spent up to now is        0.2 secs

     total energy              =     -15.84452332 Ry
     estimated scf accuracy    <       0.00173635 Ry

     iteration #  3     ecut=    30.00 Ry     beta= 0.70
     Davidson diagonalization with overlap
     ethr =  2.17E-05,  avg # of iterations =  3.2

     total cpu time spent up to now is        0.2 secs

     total energy              =     -15.84462753 Ry
     estimated scf accuracy    <       0.00005416 Ry

     iteration #  4     ecut=    30.00 Ry     beta= 0.70
     Davidson diagonalization with overlap
     ethr =  6.77E-07,  avg # of iterations =  2.7

     total cpu time spent up to now is        0.2 secs

     End of self-consistent calculation

          k =-0.1250 0.1250 0.1250 (   728 PWs)   bands (ev):

    -5.6348   4.6266   5.9299   5.9299   8.7779   9.2476   9.2477  11.0424

          k =-0.3750 0.3750-0.1250 (   737 PWs)   bands (ev):

    -4.5674   1.5749   3.8765   5.4411   8.9979   9.9400  10.0906  12.5528

          k = 0.3750-0.3750 0.6250 (   732 PWs)   bands (ev):

    -3.3630  -0.6003   3.9185   4.6381   8.4398   9.7612  10.3549  13.6177

          k = 0.1250-0.1250 0.3750 (   732 PWs)   bands (ev):

    -5.0872   3.0000   4.8831   4.9715   8.3740  10.0055  10.7391  10.9806

          k =-0.1250 0.6250 0.1250 (   728 PWs)   bands (ev):

    -4.0166   1.2907   3.5036   3.9777   7.5488   9.1021  12.2788  12.5488

          k = 0.6250-0.1250 0.8750 (   726 PWs)   bands (ev):

    -2.2979  -0.7245   2.0692   3.1995   8.5964  10.4946  11.5535  13.7152

          k = 0.3750 0.1250 0.6250 (   734 PWs)   bands (ev):

    -3.5778   0.3563   2.8441   4.2596   9.1060   9.7962  11.2700  12.2044

          k =-0.1250-0.8750 0.1250 (   737 PWs)   bands (ev):

    -2.4873  -0.6160   2.7126   3.4941   7.0733   8.1638  14.5587  14.6341

          k =-0.3750 0.3750 0.3750 (   745 PWs)   bands (ev):

    -4.1110   0.2160   5.1229   5.1229   7.9456   9.6996   9.6996  14.0435

          k = 0.3750-0.3750 1.1250 (   728 PWs)   bands (ev):

    -2.8508  -0.4573   2.1504   4.3071   8.0529  11.6987  11.7558  13.2288

     the Fermi energy is     5.8489 ev

     the conduction Fermi energy is     7.0813 ev

!    total energy              =     -15.84463702 Ry
     estimated scf accuracy    <       0.00000007 Ry
     smearing contrib. (-TS)   =      -0.00077462 Ry
     internal energy E=F+TS    =     -15.84386241 Ry

     The total energy is F=E-TS. E is the sum of the following terms:
     one-electron contribution =       4.84117262 Ry
     hartree contribution      =       1.04878426 Ry
     xc contribution           =      -4.81093273 Ry
     ewald contribution        =     -16.92288655 Ry

     convergence has been achieved in   4 iterations

     Forces acting on atoms (cartesian axes, Ry/au):

     atom    1 type  1   force =     0.00000000    0.00000000    0.00000000
     atom    2 type  1   force =     0.00000000    0.00000000    0.00000000

     Total force =     0.000000     Total SCF correction =     0.000000


     Computing stress (Cartesian axis) and pressure

          total   stress  (Ry/bohr**3)                   (kbar)     P=       -0.40
  -0.00000271   0.00000000   0.00000000           -0.40        0.00        0.00
   0.00000000  -0.00000271   0.00000000            0.00       -0.40        0.00
   0.00000000   0.00000000  -0.00000271            0.00        0.00       -0.40


     Writing all to output data dir ./pwscf.save/ :
     XML data file, charge density, pseudopotentials, collected wavefunctions
 
     init_run     :      0.01s CPU      0.02s WALL (       1 calls)
     electrons    :      0.04s CPU      0.05s WALL (       1 calls)
     forces       :      0.00s CPU      0.00s WALL (       1 calls)
     stress       :      0.00s CPU      0.00s WALL (       1 calls)

     Called by init_run:
     wfcinit      :      0.00s CPU      0.01s WALL (       1 calls)
     potinit      :      0.00s CPU      0.00s WALL (       1 calls)
     hinit0       :      0.00s CPU      0.00s WALL (       1 calls)

     Called by electrons:
     c_bands      :      0.03s CPU      0.03s WALL (       5 calls)
     sum_band     :      0.01s CPU      0.01s WALL (       5 calls)
     v_of_rho     :      0.00s CPU      0.00s WALL (       5 calls)
     mix_rho      :      0.00s CPU      0.00s WALL (       5 calls)

     Called by c_bands:
     init_us_2    :      0.00s CPU      0.00s WALL (      39 calls)
     cegterg      :      0.02s CPU      0.02s WALL (      15 calls)

     Called by *egterg:
     cdiaghg      :      0.00s CPU      0.00s WALL (      49 calls)
     h_psi        :      0.02s CPU      0.02s WALL (      55 calls)
     g_psi        :      0.00s CPU      0.00s WALL (      37 calls)

     Called by h_psi:
     h_psi:calbec :      0.00s CPU      0.00s WALL (      55 calls)
     vloc_psi     :      0.01s CPU      0.02s WALL (      55 calls)
                                        0.00s GPU  (      55 calls)
     add_vuspsi   :      0.00s CPU      0.00s WALL (      55 calls)

     General routines
     calbec       :      0.00s CPU      0.00s WALL (     106 calls)
     fft          :      0.00s CPU      0.00s WALL (      20 calls)
     ffts         :      0.00s CPU      0.00s WALL (       5 calls)
     fftw         :      0.01s CPU      0.02s WALL (     786 calls)
 
     Parallel routines
 
     PWSCF        :      0.08s CPU      0.30s WALL

 
   This run was terminated on:  15:26: 3  21May2026            

=------------------------------------------------------------------------------=
   JOB DONE.
=------------------------------------------------------------------------------=
