
     Program PWSCF v.7.5 starts on 21May2026 at 14:44:38 

     This program is part of the open-source Quantum ESPRESSO suite
     for quantum simulation of materials; please cite
         "P. Giannozzi et al., J. Phys.:Condens. Matter 21 395502 (2009);
         "P. Giannozzi et al., J. Phys.:Condens. Matter 29 465901 (2017);
         "P. Giannozzi et al., J. Chem. Phys. 152 154105 (2020);
          URL http://www.quantum-espresso.org", 
     in publications or presentations arising from this work. More details at
     http://www.quantum-espresso.org/quote

     Parallel version (MPI), running on    24 processors

     MPI processes distributed on     1 nodes
     682980 MiB available memory on the printing compute node when the environment starts
 
     Reading input from vc-relax.in

     Current dimensions of program PWSCF are:
     Max number of different atomic species (ntypx) = 10
     Max number of k-points (npk) =  40000
     Max angular momentum in pseudopotentials (lmaxx) =  4

     Exact exchange band parallelism type set to band_pairs

 
     K-points division:     npool     =       4
     R & G space division:  proc/nbgrp/npool/nimage =       6
     Subspace diagonalization in iterative solution of the eigenvalue problem:
     a serial algorithm will be used

 
     Parallelization info
     --------------------
     sticks:   dense  smooth     PW     G-vecs:    dense   smooth      PW
     Min          72      72     23                  992      992     177
     Max          73      73     24                  995      995     179
     Sum         433     433    139                 5961     5961    1067
 
     Using Slab Decomposition
 


     bravais-lattice index     =            2
     lattice parameter (alat)  =      10.2000  a.u.
     unit-cell volume          =     265.3020 (a.u.)^3
     number of atoms/cell      =            2
     number of atomic types    =            1
     number of electrons       =         8.00
     number of Kohn-Sham states=            4
     kinetic-energy cutoff     =      30.0000  Ry
     charge density cutoff     =     120.0000  Ry
     scf convergence threshold =      1.0E-06
     mixing beta               =       0.7000
     number of iterations used =            8  plain     mixing
     energy convergence thresh.=      1.0E-04
     force convergence thresh. =      1.0E-03
     press convergence thresh. =      5.0E-01
     Exchange-correlation= SLA  PZ   NOGX NOGC
                           (   1   1   0   0   0   0   0)
     nstep                     =           50


     celldm(1)=  10.200000  celldm(2)=   0.000000  celldm(3)=   0.000000
     celldm(4)=   0.000000  celldm(5)=   0.000000  celldm(6)=   0.000000

     crystal axes: (cart. coord. in units of alat)
               a(1) = (  -0.500000   0.000000   0.500000 )  
               a(2) = (   0.000000   0.500000   0.500000 )  
               a(3) = (  -0.500000   0.500000   0.000000 )  

     reciprocal axes: (cart. coord. in units 2 pi/alat)
               b(1) = ( -1.000000 -1.000000  1.000000 )  
               b(2) = (  1.000000  1.000000  1.000000 )  
               b(3) = ( -1.000000  1.000000 -1.000000 )  


     PseudoPot. # 1 for Si read from file:
     ../Pseudo/Si.pz-vbc.UPF
     MD5 check sum: 9f25e6ff280f3123e9b3a84715b2e9c9
     Pseudo is Norm-conserving, Zval =  4.0
     Generated by new atomic code, or converted to UPF format
     Using radial grid of  431 points,  2 beta functions with: 
                l(1) =   0
                l(2) =   1

     atomic species   valence    mass     pseudopotential
     Si                4.00    28.08600     Si( 1.00)

     48 Sym. Ops., with inversion, found (24 have fractional translation)



   Cartesian axes

     site n.     atom                  positions (alat units)
         1        Si     tau(   1) = (   0.0000000   0.0000000   0.0000000  )
         2        Si     tau(   2) = (   0.2500000   0.2500000   0.2500000  )

     number of k points=    10
                       cart. coord. in units 2pi/alat
        k(    1) = (  -0.1250000   0.1250000   0.1250000), wk =   0.0625000
        k(    2) = (  -0.3750000   0.3750000  -0.1250000), wk =   0.1875000
        k(    3) = (   0.3750000  -0.3750000   0.6250000), wk =   0.1875000
        k(    4) = (   0.1250000  -0.1250000   0.3750000), wk =   0.1875000
        k(    5) = (  -0.1250000   0.6250000   0.1250000), wk =   0.1875000
        k(    6) = (   0.6250000  -0.1250000   0.8750000), wk =   0.3750000
        k(    7) = (   0.3750000   0.1250000   0.6250000), wk =   0.3750000
        k(    8) = (  -0.1250000  -0.8750000   0.1250000), wk =   0.1875000
        k(    9) = (  -0.3750000   0.3750000   0.3750000), wk =   0.0625000
        k(   10) = (   0.3750000  -0.3750000   1.1250000), wk =   0.1875000

     Dense  grid:     5961 G-vectors     FFT dimensions: (  32,  32,  32)

     Estimated max dynamical RAM per process >       1.06 MB

     Estimated total dynamical RAM >      21.17 MB

     Initial potential from superposition of free atoms

     starting charge       7.9990, renormalised to       8.0000
     Starting wfcs are    8 randomized atomic wfcs

     total cpu time spent up to now is        0.1 secs

     Self-consistent Calculation

     iteration #  1     ecut=    30.00 Ry     beta= 0.70
     Davidson diagonalization with overlap
     ethr =  1.00E-02,  avg # of iterations =  2.0

     Threshold (ethr) on eigenvalues was too large:
     Diagonalizing with lowered threshold

     Davidson diagonalization with overlap
     ethr =  6.92E-04,  avg # of iterations =  1.1

     total cpu time spent up to now is        0.1 secs

     total energy              =     -15.84845809 Ry
     estimated scf accuracy    <       0.06119406 Ry

     iteration #  2     ecut=    30.00 Ry     beta= 0.70
     Davidson diagonalization with overlap
     ethr =  7.65E-04,  avg # of iterations =  1.0

     total cpu time spent up to now is        0.1 secs

     total energy              =     -15.85168584 Ry
     estimated scf accuracy    <       0.00221854 Ry

     iteration #  3     ecut=    30.00 Ry     beta= 0.70
     Davidson diagonalization with overlap
     ethr =  2.77E-05,  avg # of iterations =  2.4

     total cpu time spent up to now is        0.1 secs

     total energy              =     -15.85215896 Ry
     estimated scf accuracy    <       0.00007336 Ry

     iteration #  4     ecut=    30.00 Ry     beta= 0.70
     Davidson diagonalization with overlap
     ethr =  9.17E-07,  avg # of iterations =  3.1

     total cpu time spent up to now is        0.2 secs

     total energy              =     -15.85218921 Ry
     estimated scf accuracy    <       0.00000227 Ry

     iteration #  5     ecut=    30.00 Ry     beta= 0.70
     Davidson diagonalization with overlap
     ethr =  2.83E-08,  avg # of iterations =  3.7

     total cpu time spent up to now is        0.2 secs

     End of self-consistent calculation

          k =-0.1250 0.1250 0.1250 (   734 PWs)   bands (ev):

    -5.6127   4.6306   5.9373   5.9373

          k =-0.3750 0.3750-0.1250 (   741 PWs)   bands (ev):

    -4.5475   1.5817   3.8800   5.4485

          k = 0.3750-0.3750 0.6250 (   738 PWs)   bands (ev):

    -3.3450  -0.5908   3.9225   4.6444

          k = 0.1250-0.1250 0.3750 (   738 PWs)   bands (ev):

    -5.0663   3.0051   4.8885   4.9758

          k =-0.1250 0.6250 0.1250 (   734 PWs)   bands (ev):

    -3.9978   1.2992   3.5072   3.9832

          k = 0.6250-0.1250 0.8750 (   731 PWs)   bands (ev):

    -2.2821  -0.7122   2.0725   3.2033

          k = 0.3750 0.1250 0.6250 (   738 PWs)   bands (ev):

    -3.5597   0.3656   2.8476   4.2642

          k =-0.1250-0.8750 0.1250 (   739 PWs)   bands (ev):

    -2.4715  -0.6037   2.7165   3.5000

          k =-0.3750 0.3750 0.3750 (   748 PWs)   bands (ev):

    -4.0919   0.2242   5.1299   5.1299

          k = 0.3750-0.3750 1.1250 (   731 PWs)   bands (ev):

    -2.8337  -0.4466   2.1540   4.3130

     highest occupied level (ev):     5.9373

!    total energy              =     -15.85219074 Ry
     estimated scf accuracy    <       0.00000012 Ry

     The total energy is the sum of the following terms:
     one-electron contribution =       4.78600071 Ry
     hartree contribution      =       1.07871977 Ry
     xc contribution           =      -4.81715263 Ry
     ewald contribution        =     -16.89975860 Ry

     convergence has been achieved in   5 iterations

     Forces acting on atoms (cartesian axes, Ry/au):

     atom    1 type  1   force =    -0.00000000   -0.00000000    0.00000000
     atom    2 type  1   force =     0.00000000    0.00000000   -0.00000000

     Total force =     0.000000     Total SCF correction =     0.000000


     Computing stress (Cartesian axis) and pressure

          total   stress  (Ry/bohr**3)                   (kbar)     P=        0.72
   0.00000488   0.00000000  -0.00000000            0.72        0.00       -0.00
   0.00000000   0.00000488  -0.00000000            0.00        0.72       -0.00
  -0.00000000  -0.00000000   0.00000488           -0.00       -0.00        0.72


     BFGS Geometry Optimization
     Energy error            =      4.7E-07 Ry
     Gradient error          =      7.2E-33 Ry/Bohr
     Cell gradient error     =      7.2E-01 kbar

     number of scf cycles    =   1
     number of bfgs steps    =   0

     enthalpy           new  =     -15.8521907424 Ry

     new trust radius        =       0.0003975234 bohr
     new conv_thr            =       0.0000010000 Ry

     new unit-cell volume =    265.39914 a.u.^3 (    39.32809 Ang^3 )
     density =      2.37173 g/cm^3

CELL_PARAMETERS (alat= 10.20000000)
  -0.500061014  -0.000000000   0.500061014
   0.000000000   0.500061014   0.500061014
  -0.500061014   0.500061014   0.000000000

ATOMIC_POSITIONS (alat)
Si              -0.0000000000       -0.0000000000        0.0000000000
Si               0.2500305072        0.2500305072        0.2500305072



     Writing config-only to output data dir ./pwscf.save/ :
     XML data file
     NEW-OLD atomic charge density approx. for the potential
     New effective cutoffs (rho, wfc):  119.50   29.99

     total cpu time spent up to now is        0.2 secs

     Self-consistent Calculation

     iteration #  1     ecut=    30.00 Ry     beta= 0.70
     Davidson diagonalization with overlap
     ethr =  1.00E-06,  avg # of iterations =  1.0

     Threshold (ethr) on eigenvalues was too large:
     Diagonalizing with lowered threshold

     Davidson diagonalization with overlap
     ethr =  1.57E-11,  avg # of iterations =  7.8

     total cpu time spent up to now is        0.2 secs

     End of self-consistent calculation

          k =-0.1250 0.1250 0.1250 (   734 PWs)   bands (ev):

    -5.6148   4.6261   5.9327   5.9327

          k =-0.3750 0.3750-0.1250 (   741 PWs)   bands (ev):

    -4.5500   1.5779   3.8762   5.4440

          k = 0.3750-0.3750 0.6249 (   738 PWs)   bands (ev):

    -3.3480  -0.5937   3.9184   4.6402

          k = 0.1250-0.1250 0.3750 (   738 PWs)   bands (ev):

    -5.0685   3.0007   4.8844   4.9713

          k =-0.1250 0.6249 0.1250 (   734 PWs)   bands (ev):

    -4.0005   1.2949   3.5037   3.9794

          k = 0.6249-0.1250 0.8749 (   731 PWs)   bands (ev):

    -2.2855  -0.7160   2.0698   3.2000

          k = 0.3750 0.1250 0.6249 (   738 PWs)   bands (ev):

    -3.5625   0.3619   2.8442   4.2603

          k =-0.1250-0.8749 0.1250 (   739 PWs)   bands (ev):

    -2.4747  -0.6076   2.7134   3.4964

          k =-0.3750 0.3750 0.3750 (   748 PWs)   bands (ev):

    -4.0945   0.2210   5.1255   5.1255

          k = 0.3750-0.3750 1.1249 (   731 PWs)   bands (ev):

    -2.8370  -0.4500   2.1510   4.3090

     highest occupied level (ev):     5.9327

!    total energy              =     -15.85219122 Ry
     estimated scf accuracy    <          4.5E-10 Ry

     The total energy is the sum of the following terms:
     one-electron contribution =       4.78316479 Ry
     hartree contribution      =       1.07914060 Ry
     xc contribution           =      -4.81680002 Ry
     ewald contribution        =     -16.89769660 Ry

     convergence has been achieved in   1 iterations

     Forces acting on atoms (cartesian axes, Ry/au):

     atom    1 type  1   force =    -0.00000000   -0.00000000    0.00000000
     atom    2 type  1   force =     0.00000000    0.00000000   -0.00000000

     Total force =     0.000000     Total SCF correction =     0.000000


     Computing stress (Cartesian axis) and pressure

          total   stress  (Ry/bohr**3)                   (kbar)     P=        0.48
   0.00000329   0.00000000   0.00000000            0.48        0.00        0.00
   0.00000000   0.00000329   0.00000000            0.00        0.48        0.00
  -0.00000000   0.00000000   0.00000329           -0.00        0.00        0.48

     Energy error            =      4.8E-07 Ry
     Gradient error          =      4.9E-32 Ry/Bohr
     Cell gradient error     =      4.8E-01 kbar

     bfgs converged in   2 scf cycles and   1 bfgs steps
     (criteria: energy <  1.0E-04 Ry, force <  1.0E-03 Ry/Bohr, cell <  5.0E-01 kbar)

     End of BFGS Geometry Optimization

     Final enthalpy           =     -15.8521912236 Ry

     File ./pwscf.bfgs deleted, as requested
Begin final coordinates
     new unit-cell volume =    265.39914 a.u.^3 (    39.32809 Ang^3 )
     density =      2.37173 g/cm^3

CELL_PARAMETERS (alat= 10.20000000)
  -0.500061014  -0.000000000   0.500061014
   0.000000000   0.500061014   0.500061014
  -0.500061014   0.500061014   0.000000000

ATOMIC_POSITIONS (alat)
Si              -0.0000000000       -0.0000000000        0.0000000000
Si               0.2500305072        0.2500305072        0.2500305072
End final coordinates



     Writing config-only to output data dir ./pwscf.save/ :
     XML data file

     Final scf calculation at the relaxed structure.
     The G-vectors are recalculated for the final unit cell
     Results may differ from those at the preceding step.
 
     Parallelization info
     --------------------
     sticks:   dense  smooth     PW     G-vecs:    dense   smooth      PW
     Min          72      72     23                  992      992     177
     Max          73      73     24                  995      995     179
     Sum         433     433    139                 5961     5961    1067
 
     Using Slab Decomposition
 


     bravais-lattice index     =            2
     lattice parameter (alat)  =      10.2000  a.u.
     unit-cell volume          =     265.3991 (a.u.)^3
     number of atoms/cell      =            2
     number of atomic types    =            1
     number of electrons       =         8.00
     number of Kohn-Sham states=            4
     kinetic-energy cutoff     =      30.0000  Ry
     charge density cutoff     =     120.0000  Ry
     scf convergence threshold =      1.0E-06
     mixing beta               =       0.7000
     number of iterations used =            8  plain     mixing
     press convergence thresh. =      5.0E-01
     Exchange-correlation= SLA  PZ   NOGX NOGC
                           (   1   1   0   0   0   0   0)

     celldm(1)=  10.200000  celldm(2)=   0.000000  celldm(3)=   0.000000
     celldm(4)=   0.000000  celldm(5)=   0.000000  celldm(6)=   0.000000

     crystal axes: (cart. coord. in units of alat)
               a(1) = (  -0.500061  -0.000000   0.500061 )  
               a(2) = (   0.000000   0.500061   0.500061 )  
               a(3) = (  -0.500061   0.500061   0.000000 )  

     reciprocal axes: (cart. coord. in units 2 pi/alat)
               b(1) = ( -0.999878 -0.999878  0.999878 )  
               b(2) = (  0.999878  0.999878  0.999878 )  
               b(3) = ( -0.999878  0.999878 -0.999878 )  


     PseudoPot. # 1 for Si read from file:
     ../Pseudo/Si.pz-vbc.UPF
     MD5 check sum: 9f25e6ff280f3123e9b3a84715b2e9c9
     Pseudo is Norm-conserving, Zval =  4.0
     Generated by new atomic code, or converted to UPF format
     Using radial grid of  431 points,  2 beta functions with: 
                l(1) =   0
                l(2) =   1

     atomic species   valence    mass     pseudopotential
     Si                4.00    28.08600     Si( 1.00)

     48 Sym. Ops., with inversion, found (24 have fractional translation)



   Cartesian axes

     site n.     atom                  positions (alat units)
         1        Si     tau(   1) = (  -0.0000000  -0.0000000   0.0000000  )
         2        Si     tau(   2) = (   0.2500305   0.2500305   0.2500305  )

     number of k points=    10
                       cart. coord. in units 2pi/alat
        k(    1) = (  -0.1249847   0.1249847   0.1249847), wk =   0.0625000
        k(    2) = (  -0.3749542   0.3749542  -0.1249847), wk =   0.1875000
        k(    3) = (   0.3749542  -0.3749542   0.6249237), wk =   0.1875000
        k(    4) = (   0.1249847  -0.1249847   0.3749542), wk =   0.1875000
        k(    5) = (  -0.1249847   0.6249237   0.1249847), wk =   0.1875000
        k(    6) = (   0.6249237  -0.1249847   0.8748932), wk =   0.3750000
        k(    7) = (   0.3749542   0.1249847   0.6249237), wk =   0.3750000
        k(    8) = (  -0.1249847  -0.8748932   0.1249847), wk =   0.1875000
        k(    9) = (  -0.3749542   0.3749542   0.3749542), wk =   0.0625000
        k(   10) = (   0.3749542  -0.3749542   1.1248627), wk =   0.1875000

     Dense  grid:     5961 G-vectors     FFT dimensions: (  32,  32,  32)

     Estimated max dynamical RAM per process >       1.07 MB

     Estimated total dynamical RAM >      21.35 MB

     Initial potential from superposition of free atoms

     starting charge       7.9990, renormalised to       8.0000
     Starting wfcs are    8 randomized atomic wfcs

     total cpu time spent up to now is        0.2 secs

     Self-consistent Calculation

     iteration #  1     ecut=    30.00 Ry     beta= 0.70
     Davidson diagonalization with overlap
     ethr =  1.00E-06,  avg # of iterations =  8.0

     total cpu time spent up to now is        0.3 secs

     total energy              =     -15.84834789 Ry
     estimated scf accuracy    <       0.06308602 Ry

     iteration #  2     ecut=    30.00 Ry     beta= 0.70
     Davidson diagonalization with overlap
     ethr =  7.89E-04,  avg # of iterations =  1.0

     total cpu time spent up to now is        0.3 secs

     total energy              =     -15.85168115 Ry
     estimated scf accuracy    <       0.00210425 Ry

     iteration #  3     ecut=    30.00 Ry     beta= 0.70
     Davidson diagonalization with overlap
     ethr =  2.63E-05,  avg # of iterations =  2.4

     total cpu time spent up to now is        0.3 secs

     total energy              =     -15.85217012 Ry
     estimated scf accuracy    <       0.00005607 Ry

     iteration #  4     ecut=    30.00 Ry     beta= 0.70
     Davidson diagonalization with overlap
     ethr =  7.01E-07,  avg # of iterations =  2.9

     total cpu time spent up to now is        0.3 secs

     End of self-consistent calculation

          k =-0.1250 0.1250 0.1250 (   734 PWs)   bands (ev):

    -5.6159   4.6247   5.9312   5.9312

          k =-0.3750 0.3750-0.1250 (   741 PWs)   bands (ev):

    -4.5512   1.5766   3.8749   5.4425

          k = 0.3750-0.3750 0.6249 (   738 PWs)   bands (ev):

    -3.3493  -0.5949   3.9171   4.6389

          k = 0.1250-0.1250 0.3750 (   738 PWs)   bands (ev):

    -5.0697   2.9994   4.8831   4.9700

          k =-0.1250 0.6249 0.1250 (   734 PWs)   bands (ev):

    -4.0017   1.2936   3.5025   3.9781

          k = 0.6249-0.1250 0.8749 (   731 PWs)   bands (ev):

    -2.2868  -0.7172   2.0687   3.1989

          k = 0.3750 0.1250 0.6249 (   738 PWs)   bands (ev):

    -3.5637   0.3607   2.8430   4.2591

          k =-0.1250-0.8749 0.1250 (   739 PWs)   bands (ev):

    -2.4760  -0.6089   2.7123   3.4952

          k =-0.3750 0.3750 0.3750 (   748 PWs)   bands (ev):

    -4.0957   0.2198   5.1242   5.1242

          k = 0.3750-0.3750 1.1249 (   731 PWs)   bands (ev):

    -2.8382  -0.4512   2.1499   4.3078

     highest occupied level (ev):     5.9312

!    total energy              =     -15.85219039 Ry
     estimated scf accuracy    <       0.00000076 Ry

     The total energy is the sum of the following terms:
     one-electron contribution =       4.78287228 Ry
     hartree contribution      =       1.07961761 Ry
     xc contribution           =      -4.81698368 Ry
     ewald contribution        =     -16.89769660 Ry

     convergence has been achieved in   4 iterations

     Forces acting on atoms (cartesian axes, Ry/au):

     atom    1 type  1   force =     0.00000000    0.00000000    0.00000000
     atom    2 type  1   force =    -0.00000000   -0.00000000   -0.00000000

     Total force =     0.000000     Total SCF correction =     0.000000


     Computing stress (Cartesian axis) and pressure

          total   stress  (Ry/bohr**3)                   (kbar)     P=        0.74
   0.00000501  -0.00000000   0.00000000            0.74       -0.00        0.00
   0.00000000   0.00000501  -0.00000000            0.00        0.74       -0.00
  -0.00000000  -0.00000000   0.00000501           -0.00       -0.00        0.74


     Writing all to output data dir ./pwscf.save/ :
     XML data file, charge density, pseudopotentials, collected wavefunctions
 
     init_run     :      0.01s CPU      0.02s WALL (       2 calls)
     electrons    :      0.05s CPU      0.10s WALL (       3 calls)
     update_pot   :      0.00s CPU      0.00s WALL (       1 calls)
     forces       :      0.00s CPU      0.00s WALL (       3 calls)
     stress       :      0.00s CPU      0.00s WALL (       3 calls)

     Called by init_run:
     wfcinit      :      0.01s CPU      0.01s WALL (       2 calls)
     potinit      :      0.00s CPU      0.00s WALL (       2 calls)
     hinit0       :      0.00s CPU      0.01s WALL (       2 calls)

     Called by electrons:
     c_bands      :      0.04s CPU      0.05s WALL (      12 calls)
     sum_band     :      0.01s CPU      0.01s WALL (      12 calls)
     v_of_rho     :      0.00s CPU      0.00s WALL (      13 calls)
     mix_rho      :      0.00s CPU      0.00s WALL (      12 calls)

     Called by c_bands:
     init_us_2    :      0.00s CPU      0.00s WALL (      96 calls)
     cegterg      :      0.03s CPU      0.04s WALL (      36 calls)

     Called by *egterg:
     cdiaghg      :      0.00s CPU      0.00s WALL (     148 calls)
     h_psi        :      0.03s CPU      0.04s WALL (     163 calls)
     g_psi        :      0.00s CPU      0.00s WALL (     121 calls)

     Called by h_psi:
     h_psi:calbec :      0.00s CPU      0.00s WALL (     163 calls)
     vloc_psi     :      0.03s CPU      0.03s WALL (     163 calls)
                                        0.00s GPU  (     163 calls)
     add_vuspsi   :      0.00s CPU      0.00s WALL (     163 calls)

     General routines
     calbec       :      0.00s CPU      0.00s WALL (     316 calls)
     fft          :      0.00s CPU      0.01s WALL (      54 calls)
     ffts         :      0.00s CPU      0.00s WALL (      12 calls)
     fftw         :      0.03s CPU      0.03s WALL (    1324 calls)
 
     Parallel routines
 
     PWSCF        :      0.12s CPU      0.45s WALL

 
   This run was terminated on:  14:44:38  21May2026            

=------------------------------------------------------------------------------=
   JOB DONE.
=------------------------------------------------------------------------------=
