
     Program PWSCF v.7.5 starts on 21May2026 at 14:57: 1 

     This program is part of the open-source Quantum ESPRESSO suite
     for quantum simulation of materials; please cite
         "P. Giannozzi et al., J. Phys.:Condens. Matter 21 395502 (2009);
         "P. Giannozzi et al., J. Phys.:Condens. Matter 29 465901 (2017);
         "P. Giannozzi et al., J. Chem. Phys. 152 154105 (2020);
          URL http://www.quantum-espresso.org", 
     in publications or presentations arising from this work. More details at
     http://www.quantum-espresso.org/quote

     Parallel version (MPI), running on    24 processors

     MPI processes distributed on     1 nodes
     36721 MiB available memory on the printing compute node when the environment starts
 
     Reading input from vc-relax_twochem.in

     Current dimensions of program PWSCF are:
     Max number of different atomic species (ntypx) = 10
     Max number of k-points (npk) =  40000
     Max angular momentum in pseudopotentials (lmaxx) =  4

     Exact exchange band parallelism type set to band_pairs

 
     K-points division:     npool     =       4
     R & G space division:  proc/nbgrp/npool/nimage =       6
     Subspace diagonalization in iterative solution of the eigenvalue problem:
     a serial algorithm will be used

 
     Parallelization info
     --------------------
     sticks:   dense  smooth     PW     G-vecs:    dense   smooth      PW
     Min          72      72     23                  992      992     177
     Max          73      73     24                  995      995     179
     Sum         433     433    139                 5961     5961    1067
 
     Using Slab Decomposition
 


     bravais-lattice index     =            2
     lattice parameter (alat)  =      10.2000  a.u.
     unit-cell volume          =     265.3020 (a.u.)^3
     number of atoms/cell      =            2
     number of atomic types    =            1
     number of electrons       =         8.00
     number of Kohn-Sham states=            8
     kinetic-energy cutoff     =      30.0000  Ry
     charge density cutoff     =     120.0000  Ry
     scf convergence threshold =      1.0E-06
     mixing beta               =       0.7000
     number of iterations used =            8  plain     mixing
     energy convergence thresh.=      1.0E-04
     force convergence thresh. =      1.0E-03
     press convergence thresh. =      5.0E-01
     Exchange-correlation= SLA  PZ   NOGX NOGC
                           (   1   1   0   0   0   0   0)
     nstep                     =           50


     celldm(1)=  10.200000  celldm(2)=   0.000000  celldm(3)=   0.000000
     celldm(4)=   0.000000  celldm(5)=   0.000000  celldm(6)=   0.000000

     crystal axes: (cart. coord. in units of alat)
               a(1) = (  -0.500000   0.000000   0.500000 )  
               a(2) = (   0.000000   0.500000   0.500000 )  
               a(3) = (  -0.500000   0.500000   0.000000 )  

     reciprocal axes: (cart. coord. in units 2 pi/alat)
               b(1) = ( -1.000000 -1.000000  1.000000 )  
               b(2) = (  1.000000  1.000000  1.000000 )  
               b(3) = ( -1.000000  1.000000 -1.000000 )  


     PseudoPot. # 1 for Si read from file:
     ../Pseudo/Si.pz-vbc.UPF
     MD5 check sum: 9f25e6ff280f3123e9b3a84715b2e9c9
     Pseudo is Norm-conserving, Zval =  4.0
     Generated by new atomic code, or converted to UPF format
     Using radial grid of  431 points,  2 beta functions with: 
                l(1) =   0
                l(2) =   1

     atomic species   valence    mass     pseudopotential
     Si                4.00    28.08600     Si( 1.00)

     48 Sym. Ops., with inversion, found (24 have fractional translation)



   Cartesian axes

     site n.     atom                  positions (alat units)
         1        Si     tau(   1) = (   0.0000000   0.0000000   0.0000000  )
         2        Si     tau(   2) = (   0.2500000   0.2500000   0.2500000  )

     number of k points=    10  Gaussian smearing, width (Ry)=  0.0100
                       cart. coord. in units 2pi/alat
        k(    1) = (  -0.1250000   0.1250000   0.1250000), wk =   0.0625000
        k(    2) = (  -0.3750000   0.3750000  -0.1250000), wk =   0.1875000
        k(    3) = (   0.3750000  -0.3750000   0.6250000), wk =   0.1875000
        k(    4) = (   0.1250000  -0.1250000   0.3750000), wk =   0.1875000
        k(    5) = (  -0.1250000   0.6250000   0.1250000), wk =   0.1875000
        k(    6) = (   0.6250000  -0.1250000   0.8750000), wk =   0.3750000
        k(    7) = (   0.3750000   0.1250000   0.6250000), wk =   0.3750000
        k(    8) = (  -0.1250000  -0.8750000   0.1250000), wk =   0.1875000
        k(    9) = (  -0.3750000   0.3750000   0.3750000), wk =   0.0625000
        k(   10) = (   0.3750000  -0.3750000   1.1250000), wk =   0.1875000

     Dense  grid:     5961 G-vectors     FFT dimensions: (  32,  32,  32)

     Estimated max dynamical RAM per process >       1.13 MB

     Estimated total dynamical RAM >      22.82 MB
 ---------------------------------2CHEM----------------------------------
  You are performing a constrained density-functional perturbation theory
  employing two chemical potentials, one for electrons and one for holes.
  Please refer to: 
  Giovanni Marini, Matteo Calandra 
  Lattice dynamics of photoexcited insulators
  constrained density-functional perturbation theory
  Phys. Rev. B 104, 144103 (2021)
  doi:10.1103/PhysRevB.104.144103
 
     The conduction manifold is constituted by  4 bands
      0.1000 electrons are placed in the conduction manifold
 ---------------------------------2CHEM----------------------------------

     Initial potential from superposition of free atoms

     starting charge       7.9990, renormalised to       8.0000
     Starting wfcs are    8 randomized atomic wfcs

     total cpu time spent up to now is        0.1 secs

     Self-consistent Calculation

     iteration #  1     ecut=    30.00 Ry     beta= 0.70
     Davidson diagonalization with overlap
     ethr =  1.00E-02,  avg # of iterations =  4.5

     Threshold (ethr) on eigenvalues was too large:
     Diagonalizing with lowered threshold

     Davidson diagonalization with overlap
     ethr =  6.26E-04,  avg # of iterations =  1.6

     total cpu time spent up to now is        0.1 secs

     total energy              =     -15.84124392 Ry
     estimated scf accuracy    <       0.05416680 Ry

     iteration #  2     ecut=    30.00 Ry     beta= 0.70
     Davidson diagonalization with overlap
     ethr =  6.77E-04,  avg # of iterations =  1.0

     total cpu time spent up to now is        0.1 secs

     total energy              =     -15.84452954 Ry
     estimated scf accuracy    <       0.00173669 Ry

     iteration #  3     ecut=    30.00 Ry     beta= 0.70
     Davidson diagonalization with overlap
     ethr =  2.17E-05,  avg # of iterations =  3.4

     total cpu time spent up to now is        0.1 secs

     total energy              =     -15.84463190 Ry
     estimated scf accuracy    <       0.00005377 Ry

     iteration #  4     ecut=    30.00 Ry     beta= 0.70
     Davidson diagonalization with overlap
     ethr =  6.72E-07,  avg # of iterations =  2.8

     total cpu time spent up to now is        0.1 secs

     End of self-consistent calculation

          k =-0.1250 0.1250 0.1250 (   734 PWs)   bands (ev):

    -5.6504   4.5848   5.8878   5.8878   8.7231   9.2006   9.2007  10.9618

          k =-0.3750 0.3750-0.1250 (   741 PWs)   bands (ev):

    -4.5870   1.5400   3.8413   5.4000   8.9415   9.8930  10.0426  12.4915

          k = 0.3750-0.3750 0.6250 (   738 PWs)   bands (ev):

    -3.3884  -0.6262   3.8813   4.6003   8.3904   9.7116  10.3098  13.5605

          k = 0.1250-0.1250 0.3750 (   738 PWs)   bands (ev):

    -5.1048   2.9601   4.8453   4.9310   8.3293   9.9454  10.6873  10.9347

          k =-0.1250 0.6250 0.1250 (   734 PWs)   bands (ev):

    -4.0380   1.2520   3.4706   3.9430   7.5086   9.0598  12.2173  12.4931

          k = 0.6250-0.1250 0.8750 (   731 PWs)   bands (ev):

    -2.3267  -0.7572   2.0433   3.1690   8.5538  10.4487  11.4968  13.6544

          k = 0.3750 0.1250 0.6250 (   738 PWs)   bands (ev):

    -3.6012   0.3233   2.8126   4.2239   9.0601   9.7475  11.2178  12.1492

          k =-0.1250-0.8750 0.1250 (   739 PWs)   bands (ev):

    -2.5144  -0.6497   2.6839   3.4611   7.0361   8.1233  14.4972  14.5661

          k =-0.3750 0.3750 0.3750 (   748 PWs)   bands (ev):

    -4.1327   0.1873   5.0830   5.0830   7.8874   9.6563   9.6563  13.9906

          k = 0.3750-0.3750 1.1250 (   731 PWs)   bands (ev):

    -2.8778  -0.4874   2.1225   4.2707   8.0113  11.6434  11.7047  13.1689

     the Fermi energy is     5.8068 ev

     the conduction Fermi energy is     7.0441 ev

!    total energy              =     -15.84464114 Ry
     estimated scf accuracy    <       0.00000007 Ry
     smearing contrib. (-TS)   =      -0.00077462 Ry
     internal energy E=F+TS    =     -15.84386652 Ry

     The total energy is F=E-TS. E is the sum of the following terms:
     one-electron contribution =       4.81019781 Ry
     hartree contribution      =       1.05214260 Ry
     xc contribution           =      -4.80644834 Ry
     ewald contribution        =     -16.89975860 Ry

     convergence has been achieved in   4 iterations

     Forces acting on atoms (cartesian axes, Ry/au):

     atom    1 type  1   force =    -0.00000000   -0.00000000    0.00000000
     atom    2 type  1   force =     0.00000000    0.00000000   -0.00000000

     Total force =     0.000000     Total SCF correction =     0.000000


     Computing stress (Cartesian axis) and pressure

          total   stress  (Ry/bohr**3)                   (kbar)     P=       -4.26
  -0.00002894   0.00000000   0.00000000           -4.26        0.00        0.00
  -0.00000000  -0.00002894   0.00000000           -0.00       -4.26        0.00
   0.00000000   0.00000000  -0.00002894            0.00        0.00       -4.26


     BFGS Geometry Optimization
     Energy error            =      1.7E-05 Ry
     Gradient error          =      4.1E-33 Ry/Bohr
     Cell gradient error     =      4.3E+00 kbar

     number of scf cycles    =   1
     number of bfgs steps    =   0

     enthalpy           new  =     -15.8446411445 Ry

     new trust radius        =       0.0023570953 bohr
     new conv_thr            =       0.0000010000 Ry

     new unit-cell volume =    264.72653 a.u.^3 (    39.22842 Ang^3 )
     density =      2.37776 g/cm^3

CELL_PARAMETERS (alat= 10.20000000)
  -0.499638218   0.000000000   0.499638218
   0.000000000   0.499638218   0.499638218
  -0.499638218   0.499638218  -0.000000000

ATOMIC_POSITIONS (alat)
Si              -0.0000000000       -0.0000000000        0.0000000000
Si               0.2498191090        0.2498191090        0.2498191090



     Writing config-only to output data dir ./pwscf.save/ :
     XML data file
     NEW-OLD atomic charge density approx. for the potential
     New effective cutoffs (rho, wfc):  119.70   30.04

     total cpu time spent up to now is        0.2 secs

     Self-consistent Calculation

     iteration #  1     ecut=    30.00 Ry     beta= 0.70
     Davidson diagonalization with overlap
     ethr =  1.00E-06,  avg # of iterations =  2.0

     Threshold (ethr) on eigenvalues was too large:
     Diagonalizing with lowered threshold

     Davidson diagonalization with overlap
     ethr =  2.59E-09,  avg # of iterations =  3.2

     total cpu time spent up to now is        0.2 secs

     End of self-consistent calculation

          k =-0.1251 0.1251 0.1251 (   734 PWs)   bands (ev):

    -5.6432   4.6056   5.9087   5.9087   8.7512   9.2246   9.2246  11.0030

          k =-0.3753 0.3753-0.1251 (   741 PWs)   bands (ev):

    -4.5777   1.5573   3.8589   5.4204   8.9703   9.9172  10.0670  12.5231

          k = 0.3753-0.3753 0.6255 (   738 PWs)   bands (ev):

    -3.3762  -0.6135   3.8999   4.6191   8.4157   9.7371  10.3330  13.5899

          k = 0.1251-0.1251 0.3753 (   738 PWs)   bands (ev):

    -5.0965   2.9799   4.8641   4.9511   8.3522   9.9761  10.7137  10.9584

          k =-0.1251 0.6255 0.1251 (   734 PWs)   bands (ev):

    -4.0278   1.2712   3.4871   3.9602   7.5292   9.0815  12.2487  12.5216

          k = 0.6255-0.1251 0.8756 (   731 PWs)   bands (ev):

    -2.3127  -0.7411   2.0562   3.1842   8.5757  10.4723  11.5260  13.6856

          k = 0.3753 0.1251 0.6255 (   738 PWs)   bands (ev):

    -3.5899   0.3396   2.8283   4.2417   9.0837   9.7724  11.2446  12.1774

          k =-0.1251-0.8756 0.1251 (   739 PWs)   bands (ev):

    -2.5012  -0.6331   2.6983   3.4775   7.0552   8.1442  14.5288  14.6009

          k =-0.3753 0.3753 0.3753 (   748 PWs)   bands (ev):

    -4.1223   0.2015   5.1029   5.1029   7.9172   9.6786   9.6786  14.0184

          k = 0.3753-0.3753 1.1258 (   731 PWs)   bands (ev):

    -2.8647  -0.4726   2.1365   4.2888   8.0328  11.6717  11.7309  13.1996

     the Fermi energy is     5.8277 ev

     the conduction Fermi energy is     7.0632 ev

!    total energy              =     -15.84465406 Ry
     estimated scf accuracy    <       0.00000019 Ry
     smearing contrib. (-TS)   =      -0.00077462 Ry
     internal energy E=F+TS    =     -15.84387944 Ry

     The total energy is F=E-TS. E is the sum of the following terms:
     one-electron contribution =       4.82644542 Ry
     hartree contribution      =       1.05058986 Ry
     xc contribution           =      -4.80891920 Ry
     ewald contribution        =     -16.91199551 Ry

     convergence has been achieved in   1 iterations

     Forces acting on atoms (cartesian axes, Ry/au):

     atom    1 type  1   force =     0.00000000    0.00000000    0.00000000
     atom    2 type  1   force =     0.00000000    0.00000000   -0.00000000

     Total force =     0.000000     Total SCF correction =     0.000000


     Computing stress (Cartesian axis) and pressure

          total   stress  (Ry/bohr**3)                   (kbar)     P=       -2.01
  -0.00001364   0.00000000   0.00000000           -2.01        0.00        0.00
   0.00000000  -0.00001364   0.00000000            0.00       -2.01        0.00
  -0.00000000   0.00000000  -0.00001364           -0.00        0.00       -2.01

     Energy error            =      1.3E-05 Ry
     Gradient error          =      3.3E-32 Ry/Bohr
     Cell gradient error     =      2.0E+00 kbar

     number of scf cycles    =   2
     number of bfgs steps    =   1

     enthalpy           old  =     -15.8446411445 Ry
     enthalpy           new  =     -15.8446540553 Ry

     CASE: enthalpy          _new < enthalpy          _old

     new trust radius        =       0.0020943723 bohr
     new conv_thr            =       0.0000000100 Ry

     new unit-cell volume =    264.21571 a.u.^3 (    39.15273 Ang^3 )
     density =      2.38236 g/cm^3

CELL_PARAMETERS (alat= 10.20000000)
  -0.499316644   0.000000000   0.499316644
   0.000000000   0.499316644   0.499316644
  -0.499316644   0.499316644  -0.000000000

ATOMIC_POSITIONS (alat)
Si              -0.0000000000       -0.0000000000        0.0000000000
Si               0.2496583221        0.2496583221        0.2496583221



     Writing config-only to output data dir ./pwscf.save/ :
     XML data file
     NEW-OLD atomic charge density approx. for the potential
     New effective cutoffs (rho, wfc):  119.86   30.08

     total cpu time spent up to now is        0.2 secs

     Self-consistent Calculation

     iteration #  1     ecut=    30.00 Ry     beta= 0.70
     Davidson diagonalization with overlap
     ethr =  1.00E-06,  avg # of iterations =  2.0

     Threshold (ethr) on eigenvalues was too large:
     Diagonalizing with lowered threshold

     Davidson diagonalization with overlap
     ethr =  8.63E-10,  avg # of iterations =  3.2

     total cpu time spent up to now is        0.2 secs

     total energy              =     -15.84465850 Ry
     estimated scf accuracy    <       0.00000006 Ry

     iteration #  2     ecut=    30.00 Ry     beta= 0.70
     Davidson diagonalization with overlap
     ethr =  7.40E-10,  avg # of iterations =  1.0

     total cpu time spent up to now is        0.2 secs

     End of self-consistent calculation

          k =-0.1252 0.1252 0.1252 (   734 PWs)   bands (ev):

    -5.6349   4.6263   5.9296   5.9296   8.7778   9.2475   9.2475  11.0421

          k =-0.3755 0.3755-0.1252 (   741 PWs)   bands (ev):

    -4.5676   1.5747   3.8764   5.4409   8.9976   9.9399  10.0903  12.5526

          k = 0.3755-0.3755 0.6259 (   738 PWs)   bands (ev):

    -3.3632  -0.6005   3.9184   4.6379   8.4397   9.7611  10.3548  13.6173

          k = 0.1252-0.1252 0.3755 (   738 PWs)   bands (ev):

    -5.0874   2.9997   4.8829   4.9712   8.3738  10.0053  10.7388  10.9804

          k =-0.1252 0.6259 0.1252 (   734 PWs)   bands (ev):

    -4.0168   1.2904   3.5034   3.9775   7.5486   9.1016  12.2786  12.5486

          k = 0.6259-0.1252 0.8762 (   731 PWs)   bands (ev):

    -2.2982  -0.7247   2.0691   3.1994   8.5962  10.4944  11.5534  13.7149

          k = 0.3755 0.1252 0.6259 (   738 PWs)   bands (ev):

    -3.5779   0.3561   2.8439   4.2594   9.1059   9.7959  11.2697  12.2042

          k =-0.1252-0.8762 0.1252 (   739 PWs)   bands (ev):

    -2.4875  -0.6162   2.7125   3.4940   7.0730   8.1637  14.5585  14.6338

          k =-0.3755 0.3755 0.3755 (   748 PWs)   bands (ev):

    -4.1112   0.2158   5.1227   5.1227   7.9455   9.6996   9.6996  14.0435

          k = 0.3755-0.3755 1.1265 (   731 PWs)   bands (ev):

    -2.8510  -0.4574   2.1503   4.3069   8.0528  11.6985  11.7556  13.2285

     the Fermi energy is     5.8487 ev

     the conduction Fermi energy is     7.0810 ev

!    total energy              =     -15.84465850 Ry
     estimated scf accuracy    <          1.3E-09 Ry
     smearing contrib. (-TS)   =      -0.00077462 Ry
     internal energy E=F+TS    =     -15.84388389 Ry

     The total energy is F=E-TS. E is the sum of the following terms:
     one-electron contribution =       4.84116715 Ry
     hartree contribution      =       1.04878455 Ry
     xc contribution           =      -4.81094828 Ry
     ewald contribution        =     -16.92288731 Ry

     convergence has been achieved in   2 iterations

     Forces acting on atoms (cartesian axes, Ry/au):

     atom    1 type  1   force =     0.00000000    0.00000000    0.00000000
     atom    2 type  1   force =     0.00000000    0.00000000    0.00000000

     Total force =     0.000000     Total SCF correction =     0.000000


     Computing stress (Cartesian axis) and pressure

          total   stress  (Ry/bohr**3)                   (kbar)     P=       -0.35
  -0.00000241   0.00000000   0.00000000           -0.35        0.00        0.00
   0.00000000  -0.00000241  -0.00000000            0.00       -0.35       -0.00
   0.00000000   0.00000000  -0.00000241            0.00        0.00       -0.35

     Energy error            =      4.4E-06 Ry
     Gradient error          =      0.0E+00 Ry/Bohr
     Cell gradient error     =      3.5E-01 kbar

     bfgs converged in   3 scf cycles and   2 bfgs steps
     (criteria: energy <  1.0E-04 Ry, force <  1.0E-03 Ry/Bohr, cell <  5.0E-01 kbar)

     End of BFGS Geometry Optimization

     Final enthalpy           =     -15.8446585044 Ry

     File ./pwscf.bfgs deleted, as requested
Begin final coordinates
     new unit-cell volume =    264.21571 a.u.^3 (    39.15273 Ang^3 )
     density =      2.38236 g/cm^3

CELL_PARAMETERS (alat= 10.20000000)
  -0.499316644   0.000000000   0.499316644
   0.000000000   0.499316644   0.499316644
  -0.499316644   0.499316644  -0.000000000

ATOMIC_POSITIONS (alat)
Si              -0.0000000000       -0.0000000000        0.0000000000
Si               0.2496583221        0.2496583221        0.2496583221
End final coordinates



     Writing config-only to output data dir ./pwscf.save/ :
     XML data file

     Final scf calculation at the relaxed structure.
     The G-vectors are recalculated for the final unit cell
     Results may differ from those at the preceding step.
 
     Parallelization info
     --------------------
     sticks:   dense  smooth     PW     G-vecs:    dense   smooth      PW
     Min          72      72     23                  992      992     177
     Max          73      73     24                  995      995     179
     Sum         433     433    139                 5961     5961    1067
 
     Using Slab Decomposition
 


     bravais-lattice index     =            2
     lattice parameter (alat)  =      10.2000  a.u.
     unit-cell volume          =     264.2157 (a.u.)^3
     number of atoms/cell      =            2
     number of atomic types    =            1
     number of electrons       =         8.00
     number of Kohn-Sham states=            8
     kinetic-energy cutoff     =      30.0000  Ry
     charge density cutoff     =     120.0000  Ry
     scf convergence threshold =      1.0E-08
     mixing beta               =       0.7000
     number of iterations used =            8  plain     mixing
     press convergence thresh. =      5.0E-01
     Exchange-correlation= SLA  PZ   NOGX NOGC
                           (   1   1   0   0   0   0   0)

     celldm(1)=  10.200000  celldm(2)=   0.000000  celldm(3)=   0.000000
     celldm(4)=   0.000000  celldm(5)=   0.000000  celldm(6)=   0.000000

     crystal axes: (cart. coord. in units of alat)
               a(1) = (  -0.499317   0.000000   0.499317 )  
               a(2) = (   0.000000   0.499317   0.499317 )  
               a(3) = (  -0.499317   0.499317  -0.000000 )  

     reciprocal axes: (cart. coord. in units 2 pi/alat)
               b(1) = ( -1.001369 -1.001369  1.001369 )  
               b(2) = (  1.001369  1.001369  1.001369 )  
               b(3) = ( -1.001369  1.001369 -1.001369 )  


     PseudoPot. # 1 for Si read from file:
     ../Pseudo/Si.pz-vbc.UPF
     MD5 check sum: 9f25e6ff280f3123e9b3a84715b2e9c9
     Pseudo is Norm-conserving, Zval =  4.0
     Generated by new atomic code, or converted to UPF format
     Using radial grid of  431 points,  2 beta functions with: 
                l(1) =   0
                l(2) =   1

     atomic species   valence    mass     pseudopotential
     Si                4.00    28.08600     Si( 1.00)

     48 Sym. Ops., with inversion, found (24 have fractional translation)



   Cartesian axes

     site n.     atom                  positions (alat units)
         1        Si     tau(   1) = (  -0.0000000  -0.0000000   0.0000000  )
         2        Si     tau(   2) = (   0.2496583   0.2496583   0.2496583  )

     number of k points=    10  Gaussian smearing, width (Ry)=  0.0100
                       cart. coord. in units 2pi/alat
        k(    1) = (  -0.1251711   0.1251711   0.1251711), wk =   0.0625000
        k(    2) = (  -0.3755132   0.3755132  -0.1251711), wk =   0.1875000
        k(    3) = (   0.3755132  -0.3755132   0.6258554), wk =   0.1875000
        k(    4) = (   0.1251711  -0.1251711   0.3755132), wk =   0.1875000
        k(    5) = (  -0.1251711   0.6258554   0.1251711), wk =   0.1875000
        k(    6) = (   0.6258554  -0.1251711   0.8761975), wk =   0.3750000
        k(    7) = (   0.3755132   0.1251711   0.6258554), wk =   0.3750000
        k(    8) = (  -0.1251711  -0.8761975   0.1251711), wk =   0.1875000
        k(    9) = (  -0.3755132   0.3755132   0.3755132), wk =   0.0625000
        k(   10) = (   0.3755132  -0.3755132   1.1265397), wk =   0.1875000

     Dense  grid:     5961 G-vectors     FFT dimensions: (  32,  32,  32)

     Estimated max dynamical RAM per process >       1.14 MB

     Estimated total dynamical RAM >      23.00 MB
 ---------------------------------2CHEM----------------------------------
  You are performing a constrained density-functional perturbation theory
  employing two chemical potentials, one for electrons and one for holes.
  Please refer to: 
  Giovanni Marini, Matteo Calandra 
  Lattice dynamics of photoexcited insulators
  constrained density-functional perturbation theory
  Phys. Rev. B 104, 144103 (2021)
  doi:10.1103/PhysRevB.104.144103
 
     The conduction manifold is constituted by  4 bands
      0.1000 electrons are placed in the conduction manifold
 ---------------------------------2CHEM----------------------------------

     Initial potential from superposition of free atoms

     starting charge       7.9990, renormalised to       8.0000
     Starting wfcs are    8 randomized atomic wfcs

     total cpu time spent up to now is        0.3 secs

     Self-consistent Calculation

     iteration #  1     ecut=    30.00 Ry     beta= 0.70
     Davidson diagonalization with overlap
     ethr =  1.00E-06,  avg # of iterations = 14.0

     total cpu time spent up to now is        0.3 secs

     total energy              =     -15.84137772 Ry
     estimated scf accuracy    <       0.05539097 Ry

     iteration #  2     ecut=    30.00 Ry     beta= 0.70
     Davidson diagonalization with overlap
     ethr =  6.92E-04,  avg # of iterations =  1.0

     total cpu time spent up to now is        0.3 secs

     total energy              =     -15.84453758 Ry
     estimated scf accuracy    <       0.00171521 Ry

     iteration #  3     ecut=    30.00 Ry     beta= 0.70
     Davidson diagonalization with overlap
     ethr =  2.14E-05,  avg # of iterations =  1.7

     total cpu time spent up to now is        0.3 secs

     total energy              =     -15.84463010 Ry
     estimated scf accuracy    <       0.00004588 Ry

     iteration #  4     ecut=    30.00 Ry     beta= 0.70
     Davidson diagonalization with overlap
     ethr =  5.73E-07,  avg # of iterations =  2.3

     total cpu time spent up to now is        0.3 secs

     total energy              =     -15.84463704 Ry
     estimated scf accuracy    <       0.00000031 Ry

     iteration #  5     ecut=    30.00 Ry     beta= 0.70
     Davidson diagonalization with overlap
     ethr =  3.84E-09,  avg # of iterations =  3.5

     total cpu time spent up to now is        0.3 secs

     End of self-consistent calculation

          k =-0.1252 0.1252 0.1252 (   728 PWs)   bands (ev):

    -5.6348   4.6265   5.9298   5.9298   8.7779   9.2476   9.2476  11.0423

          k =-0.3755 0.3755-0.1252 (   737 PWs)   bands (ev):

    -4.5675   1.5748   3.8765   5.4410   8.9978   9.9400  10.0906  12.5528

          k = 0.3755-0.3755 0.6259 (   732 PWs)   bands (ev):

    -3.3631  -0.6004   3.9184   4.6380   8.4397   9.7612  10.3549  13.6176

          k = 0.1252-0.1252 0.3755 (   732 PWs)   bands (ev):

    -5.0873   2.9999   4.8830   4.9714   8.3740  10.0054  10.7391  10.9806

          k =-0.1252 0.6259 0.1252 (   728 PWs)   bands (ev):

    -4.0167   1.2906   3.5035   3.9776   7.5488   9.1020  12.2787  12.5488

          k = 0.6259-0.1252 0.8762 (   726 PWs)   bands (ev):

    -2.2980  -0.7246   2.0692   3.1994   8.5964  10.4946  11.5535  13.7152

          k = 0.3755 0.1252 0.6259 (   734 PWs)   bands (ev):

    -3.5778   0.3562   2.8440   4.2595   9.1060   9.7962  11.2699  12.2043

          k =-0.1252-0.8762 0.1252 (   737 PWs)   bands (ev):

    -2.4874  -0.6161   2.7126   3.4941   7.0733   8.1638  14.5587  14.6339

          k =-0.3755 0.3755 0.3755 (   745 PWs)   bands (ev):

    -4.1111   0.2160   5.1228   5.1228   7.9456   9.6996   9.6996  14.0435

          k = 0.3755-0.3755 1.1265 (   728 PWs)   bands (ev):

    -2.8509  -0.4573   2.1504   4.3070   8.0529  11.6987  11.7557  13.2286

     the Fermi energy is     5.8489 ev

     the conduction Fermi energy is     7.0814 ev

!    total energy              =     -15.84463744 Ry
     estimated scf accuracy    <          9.7E-09 Ry
     smearing contrib. (-TS)   =      -0.00077462 Ry
     internal energy E=F+TS    =     -15.84386283 Ry

     The total energy is F=E-TS. E is the sum of the following terms:
     one-electron contribution =       4.84120595 Ry
     hartree contribution      =       1.04875685 Ry
     xc contribution           =      -4.81093832 Ry
     ewald contribution        =     -16.92288731 Ry

     convergence has been achieved in   5 iterations

     Forces acting on atoms (cartesian axes, Ry/au):

     atom    1 type  1   force =     0.00000000    0.00000000    0.00000000
     atom    2 type  1   force =     0.00000000    0.00000000   -0.00000000

     Total force =     0.000000     Total SCF correction =     0.000000


     Computing stress (Cartesian axis) and pressure

          total   stress  (Ry/bohr**3)                   (kbar)     P=       -0.38
  -0.00000259   0.00000000  -0.00000000           -0.38        0.00       -0.00
   0.00000000  -0.00000259  -0.00000000            0.00       -0.38       -0.00
  -0.00000000  -0.00000000  -0.00000259           -0.00       -0.00       -0.38


     Writing all to output data dir ./pwscf.save/ :
     XML data file, charge density, pseudopotentials, collected wavefunctions
 
     init_run     :      0.02s CPU      0.03s WALL (       2 calls)
     electrons    :      0.09s CPU      0.16s WALL (       4 calls)
     update_pot   :      0.00s CPU      0.00s WALL (       2 calls)
     forces       :      0.00s CPU      0.00s WALL (       4 calls)
     stress       :      0.00s CPU      0.01s WALL (       4 calls)

     Called by init_run:
     wfcinit      :      0.01s CPU      0.01s WALL (       2 calls)
     potinit      :      0.00s CPU      0.00s WALL (       2 calls)
     hinit0       :      0.00s CPU      0.01s WALL (       2 calls)

     Called by electrons:
     c_bands      :      0.07s CPU      0.09s WALL (      15 calls)
     sum_band     :      0.01s CPU      0.02s WALL (      15 calls)
     v_of_rho     :      0.01s CPU      0.01s WALL (      16 calls)
     mix_rho      :      0.00s CPU      0.00s WALL (      15 calls)

     Called by c_bands:
     init_us_2    :      0.00s CPU      0.00s WALL (     120 calls)
     cegterg      :      0.06s CPU      0.08s WALL (      45 calls)

     Called by *egterg:
     cdiaghg      :      0.01s CPU      0.01s WALL (     168 calls)
     h_psi        :      0.05s CPU      0.07s WALL (     189 calls)
     g_psi        :      0.00s CPU      0.00s WALL (     138 calls)

     Called by h_psi:
     h_psi:calbec :      0.00s CPU      0.00s WALL (     189 calls)
     vloc_psi     :      0.05s CPU      0.06s WALL (     189 calls)
                                        0.00s GPU  (     189 calls)
     add_vuspsi   :      0.00s CPU      0.00s WALL (     189 calls)

     General routines
     calbec       :      0.00s CPU      0.00s WALL (     393 calls)
     fft          :      0.00s CPU      0.01s WALL (      69 calls)
     ffts         :      0.00s CPU      0.00s WALL (      15 calls)
     fftw         :      0.05s CPU      0.06s WALL (    2592 calls)
 
     Parallel routines
 
     PWSCF        :      0.14s CPU      0.47s WALL

 
   This run was terminated on:  14:57: 2  21May2026            

=------------------------------------------------------------------------------=
   JOB DONE.
=------------------------------------------------------------------------------=
